Component: ARM Compiler 5.06 update 4 (build 422) Tool: armlink [4d35d2]

==============================================================================

Section Cross References

    main.o(.text) refers to led.o(.text) for led_sample_init
    main.o(.text) refers to event.o(.text) for event_sample_init
    board.o(.text) refers to stm32f1xx_hal_cortex.o(.text) for HAL_NVIC_SetPriorityGrouping
    board.o(.text) refers to stm32f1xx_hal_rcc.o(.text) for HAL_RCC_OscConfig
    board.o(.text) refers to kservice.o(.text) for rt_assert_handler
    board.o(.text) refers to irq.o(.text) for rt_interrupt_enter
    board.o(.text) refers to stm32f1xx_hal.o(.text) for HAL_IncTick
    board.o(.text) refers to clock.o(.text) for rt_tick_increase
    board.o(.text) refers to mem.o(.text) for rt_system_heap_init
    board.o(.text) refers to components.o(.text) for rt_components_board_init
    board.o(.text) refers to board.o(.constdata) for __FUNCTION__
    board.o(.text) refers to board.o(.conststring) for .conststring
    drv_gpio.o(.text) refers to stm32f1xx_hal_gpio.o(.text) for HAL_GPIO_WritePin
    drv_gpio.o(.text) refers to context_rvds.o(.text) for rt_hw_interrupt_disable
    drv_gpio.o(.text) refers to stm32f1xx_hal_cortex.o(.text) for HAL_NVIC_SetPriority
    drv_gpio.o(.text) refers to drv_gpio.o(.constdata) for pins
    drv_gpio.o(.text) refers to drv_gpio.o(.data) for pin_irq_hdr_tab
    drv_gpio.o(.text) refers to pin.o(.text) for rt_device_pin_register
    drv_gpio.o(.text) refers to irq.o(.text) for rt_interrupt_enter
    drv_gpio.o(.constdata) refers to drv_gpio.o(.text) for GPIOE_CLK_ENABLE
    drv_gpio.o(.rti_fn.1) refers to drv_gpio.o(.text) for rt_hw_pin_init
    drv_usart.o(.text) refers to kservice.o(.text) for rt_assert_handler
    drv_usart.o(.text) refers to stm32f1xx_hal_uart.o(.text) for HAL_UART_Init
    drv_usart.o(.text) refers to serial.o(.text) for rt_hw_serial_isr
    drv_usart.o(.text) refers to irq.o(.text) for rt_interrupt_enter
    drv_usart.o(.text) refers to stm32f1xx_hal_gpio.o(.text) for HAL_GPIO_Init
    drv_usart.o(.text) refers to stm32f1xx_hal_cortex.o(.text) for HAL_NVIC_SetPriority
    drv_usart.o(.text) refers to drv_usart.o(.constdata) for __FUNCTION__
    drv_usart.o(.text) refers to drv_usart.o(.bss) for serial1
    drv_usart.o(.text) refers to drv_usart.o(.data) for uart1
    drv_usart.o(.constdata) refers to drv_usart.o(.text) for stm32_configure
    drv_usart.o(.rti_fn.1) refers to drv_usart.o(.text) for rt_hw_usart_init
    system_stm32f1xx.o(.text) refers to system_stm32f1xx.o(.data) for SystemCoreClock
    system_stm32f1xx.o(.text) refers to system_stm32f1xx.o(.constdata) for AHBPrescTable
    stm32f1xx_hal_gpio.o(.text) refers to drv_gpio.o(.text) for HAL_GPIO_EXTI_Callback
    stm32f1xx_hal_flash.o(.text) refers to stm32f1xx_hal.o(.text) for HAL_GetTick
    stm32f1xx_hal_flash.o(.text) refers to llushr.o(.text) for __aeabi_llsr
    stm32f1xx_hal_flash.o(.text) refers to stm32f1xx_hal_flash_ex.o(.text) for FLASH_PageErase
    stm32f1xx_hal_flash.o(.text) refers to stm32f1xx_hal_flash.o(.bss) for pFlash
    stm32f1xx_hal_flash.o(.text) refers to stm32f1xx_hal_cortex.o(.text) for HAL_NVIC_SystemReset
    stm32f1xx_hal_flash_ex.o(.text) refers to stm32f1xx_hal_flash.o(.text) for FLASH_WaitForLastOperation
    stm32f1xx_hal_flash_ex.o(.text) refers to stm32f1xx_hal_flash.o(.bss) for pFlash
    stm32f1xx_hal_dma.o(.text) refers to stm32f1xx_hal.o(.text) for HAL_GetTick
    stm32f1xx_hal_rcc.o(.text) refers to stm32f1xx_hal.o(.text) for HAL_GetTick
    stm32f1xx_hal_rcc.o(.text) refers to system_stm32f1xx.o(.data) for SystemCoreClock
    stm32f1xx_hal_rcc.o(.text) refers to stm32f1xx_hal_gpio.o(.text) for HAL_GPIO_Init
    stm32f1xx_hal_rcc.o(.text) refers to system_stm32f1xx.o(.constdata) for AHBPrescTable
    stm32f1xx_hal_rcc_ex.o(.text) refers to stm32f1xx_hal.o(.text) for HAL_GetTick
    stm32f1xx_hal_rcc_ex.o(.text) refers to stm32f1xx_hal_rcc.o(.text) for HAL_RCC_GetSysClockFreq
    stm32f1xx_hal_tim.o(.text) refers to stm32f1xx_hal_dma.o(.text) for HAL_DMA_Start_IT
    stm32f1xx_hal_tim.o(.text) refers to stm32f1xx_hal_tim_ex.o(.text) for HAL_TIMEx_BreakCallback
    stm32f1xx_hal_tim_ex.o(.text) refers to stm32f1xx_hal_tim.o(.text) for TIM_Base_SetConfig
    stm32f1xx_hal_tim_ex.o(.text) refers to stm32f1xx_hal_dma.o(.text) for HAL_DMA_Start_IT
    stm32f1xx_hal_uart.o(.text) refers to stm32f1xx_hal_rcc.o(.text) for HAL_RCC_GetPCLK2Freq
    stm32f1xx_hal_uart.o(.text) refers to drv_usart.o(.text) for HAL_UART_MspInit
    stm32f1xx_hal_uart.o(.text) refers to stm32f1xx_hal.o(.text) for HAL_GetTick
    stm32f1xx_hal_uart.o(.text) refers to stm32f1xx_hal_dma.o(.text) for HAL_DMA_Start_IT
    stm32f1xx_hal_usart.o(.text) refers to stm32f1xx_hal_rcc.o(.text) for HAL_RCC_GetPCLK2Freq
    stm32f1xx_hal_usart.o(.text) refers to stm32f1xx_hal.o(.text) for HAL_GetTick
    stm32f1xx_hal_usart.o(.text) refers to stm32f1xx_hal_dma.o(.text) for HAL_DMA_Start_IT
[...]
    __FUNCTION__                             0x0800cf3c   Data          11  pin.o(.constdata)
    __FUNCTION__                             0x0800cf47   Data          13  pin.o(.constdata)
    __FUNCTION__                             0x0800cf54   Data          18  pin.o(.constdata)
    __FUNCTION__                             0x0800cf66   Data          19  pin.o(.constdata)
    __FUNCTION__                             0x0800cf79   Data          18  pin.o(.constdata)
    __FUNCTION__                             0x0800cf8b   Data          12  pin.o(.constdata)
    __FUNCTION__                             0x0800cf97   Data          13  pin.o(.constdata)
    __FUNCTION__                             0x0800cfa4   Data          12  pin.o(.constdata)
    .constdata                               0x0800cfb0   Section      298  serial.o(.constdata)
    __FUNCTION__                             0x0800cfb0   Data          16  serial.o(.constdata)
    __FUNCTION__                             0x0800cfc0   Data          16  serial.o(.constdata)
    __FUNCTION__                             0x0800cfd0   Data          15  serial.o(.constdata)
    __FUNCTION__                             0x0800cfdf   Data          15  serial.o(.constdata)
    __FUNCTION__                             0x0800cfee   Data          29  serial.o(.constdata)
    __FUNCTION__                             0x0800d00b   Data          29  serial.o(.constdata)
    __FUNCTION__                             0x0800d028   Data          29  serial.o(.constdata)
    __FUNCTION__                             0x0800d045   Data          15  serial.o(.constdata)
    __FUNCTION__                             0x0800d054   Data          15  serial.o(.constdata)
    __FUNCTION__                             0x0800d063   Data          15  serial.o(.constdata)
    __FUNCTION__                             0x0800d072   Data          16  serial.o(.constdata)
    __FUNCTION__                             0x0800d082   Data          15  serial.o(.constdata)
    __FUNCTION__                             0x0800d091   Data          16  serial.o(.constdata)
    __FUNCTION__                             0x0800d0a1   Data          18  serial.o(.constdata)
    __FUNCTION__                             0x0800d0b3   Data          22  serial.o(.constdata)
    __FUNCTION__                             0x0800d0c9   Data          17  serial.o(.constdata)
    .constdata                               0x0800d0da   Section       57  completion.o(.constdata)
    __FUNCTION__                             0x0800d0da   Data          19  completion.o(.constdata)
    __FUNCTION__                             0x0800d0ed   Data          19  completion.o(.constdata)
    __FUNCTION__                             0x0800d100   Data          19  completion.o(.constdata)
    .constdata                               0x0800d113   Section       75  dataqueue.o(.constdata)
    __FUNCTION__                             0x0800d113   Data          19  dataqueue.o(.constdata)
    __FUNCTION__                             0x0800d126   Data          19  dataqueue.o(.constdata)
    __FUNCTION__                             0x0800d139   Data          18  dataqueue.o(.constdata)
    __FUNCTION__                             0x0800d14b   Data          19  dataqueue.o(.constdata)
    .constdata                               0x0800d15e   Section       91  shell.o(.constdata)
    __FUNCTION__                             0x0800d15e   Data          14  shell.o(.constdata)
    __FUNCTION__                             0x0800d16c   Data          13  shell.o(.constdata)
    __FUNCTION__                             0x0800d179   Data          17  shell.o(.constdata)
    __FUNCTION__                             0x0800d18a   Data          17  shell.o(.constdata)
    __FUNCTION__                             0x0800d19b   Data          15  shell.o(.constdata)
    __FUNCTION__                             0x0800d1aa   Data          15  shell.o(.constdata)
    .constdata                               0x0800d1bc   Section       80  cmd.o(.constdata)
    .constdata                               0x0800d20c   Section       14  msh.o(.constdata)
    __FUNCTION__                             0x0800d20c   Data          14  msh.o(.constdata)
    .conststring                             0x0800d21c   Section       67  board.o(.conststring)
    .conststring                             0x0800d260   Section      237  mem.o(.conststring)
    .conststring                             0x0800d350   Section      349  cmd.o(.conststring)
    .rodata.name                             0x0800d4ad   Section       33  led.o(.rodata.name)
    .rodata.name                             0x0800d4ce   Section       43  thread.o(.rodata.name)
    .rodata.name                             0x0800d4f9   Section       37  event.o(.rodata.name)
    .rodata.name                             0x0800d51e   Section       64  producer_consumer.o(.rodata.name)
    .rodata.name                             0x0800d55e   Section       39  mem.o(.rodata.name)
    .rodata.name                             0x0800d585   Section      105  pin.o(.rodata.name)
    .rodata.name                             0x0800d5ee   Section      901  cmd.o(.rodata.name)
    .rodata.name                             0x0800d973   Section       33  msh.o(.rodata.name)
    .rodata.name                             0x0800d994   Section      123  msh_cmd.o(.rodata.name)
    .rti_fn.0                                0x0800da10   Section        4  components.o(.rti_fn.0)
    .rti_fn.0.end                            0x0800da14   Section        4  components.o(.rti_fn.0.end)
    .rti_fn.1                                0x0800da18   Section        4  drv_gpio.o(.rti_fn.1)
    .rti_fn.1                                0x0800da1c   Section        4  drv_usart.o(.rti_fn.1)
    .rti_fn.1.end                            0x0800da20   Section        4  components.o(.rti_fn.1.end)
    .rti_fn.4                                0x0800da24   Section        4  libc.o(.rti_fn.4)
    .rti_fn.6                                0x0800da28   Section        4  shell.o(.rti_fn.6)
    .rti_fn.6.end                            0x0800da2c   Section        4  components.o(.rti_fn.6.end)
    FSymTab                                  0x0800da30   Section       12  led.o(FSymTab)
    FSymTab                                  0x0800da3c   Section       12  thread.o(FSymTab)
    FSymTab                                  0x0800da48   Section       12  event.o(FSymTab)
    FSymTab                                  0x0800da54   Section       12  producer_consumer.o(FSymTab)
    FSymTab                                  0x0800da60   Section       12  mem.o(FSymTab)
    FSymTab                                  0x0800da6c   Section       36  pin.o(FSymTab)
    FSymTab                                  0x0800da90   Section      288  cmd.o(FSymTab)
    FSymTab                                  0x0800dbb0   Section       12  msh.o(FSymTab)
    FSymTab                                  0x0800dbbc   Section       36  msh_cmd.o(FSymTab)
    .data                                    0x20000000   Section      192  drv_gpio.o(.data)
    .data                                    0x200000c0   Section       68  drv_usart.o(.data)
    .data                                    0x20000104   Section        4  system_stm32f1xx.o(.data)
    .data                                    0x20000108   Section        4  stm32f1xx_hal.o(.data)
    .data                                    0x2000010c   Section        1  led.o(.data)
    led_inited                               0x2000010c   Data           1  led.o(.data)
    .data                                    0x20000110   Section        8  thread.o(.data)
    tid1                                     0x20000110   Data           4  thread.o(.data)
    tid2                                     0x20000114   Data           4  thread.o(.data)
    .data                                    0x20000118   Section       16  producer_consumer.o(.data)
    set                                      0x20000118   Data           4  producer_consumer.o(.data)
    get                                      0x2000011c   Data           4  producer_consumer.o(.data)
    producer_tid                             0x20000120   Data           4  producer_consumer.o(.data)
    consumer_tid                             0x20000124   Data           4  producer_consumer.o(.data)
    .data                                    0x20000128   Section        4  clock.o(.data)
    rt_tick                                  0x20000128   Data           4  clock.o(.data)
    .data                                    0x2000012c   Section        4  idle.o(.data)
    rt_thread_idle_hook                      0x2000012c   Data           4  idle.o(.data)
    .data                                    0x20000130   Section        9  irq.o(.data)
    rt_interrupt_enter_hook                  0x20000130   Data           4  irq.o(.data)
    rt_interrupt_leave_hook                  0x20000134   Data           4  irq.o(.data)
    .data                                    0x2000013c   Section       12  kservice.o(.data)
    __rt_errno                               0x2000013c   Data           4  kservice.o(.data)
    _console_device                          0x20000140   Data           4  kservice.o(.data)
    .data                                    0x20000148   Section       32  mem.o(.data)
    rt_malloc_hook                           0x20000148   Data           4  mem.o(.data)
    rt_free_hook                             0x2000014c   Data           4  mem.o(.data)
    heap_ptr                                 0x20000150   Data           4  mem.o(.data)
    heap_end                                 0x20000154   Data           4  mem.o(.data)
    lfree                                    0x20000158   Data           4  mem.o(.data)
    mem_size_aligned                         0x2000015c   Data           4  mem.o(.data)
    used_mem                                 0x20000160   Data           4  mem.o(.data)
    max_mem                                  0x20000164   Data           4  mem.o(.data)
    .data                                    0x20000168   Section      180  object.o(.data)
    rt_object_container                      0x20000168   Data         160  object.o(.data)
    rt_object_attach_hook                    0x20000208   Data           4  object.o(.data)
    rt_object_detach_hook                    0x2000020c   Data           4  object.o(.data)
    .data                                    0x2000021c   Section       28  scheduler.o(.data)
    rt_scheduler_lock_nest                   0x2000021c   Data           2  scheduler.o(.data)
    rt_scheduler_hook                        0x20000234   Data           4  scheduler.o(.data)
    .data                                    0x20000238   Section       12  src_thread.o(.data)
    rt_thread_suspend_hook                   0x20000238   Data           4  src_thread.o(.data)
    rt_thread_resume_hook                    0x2000023c   Data           4  src_thread.o(.data)
    rt_thread_inited_hook                    0x20000240   Data           4  src_thread.o(.data)
    .data                                    0x20000244   Section       16  timer.o(.data)
    rt_timer_list                            0x20000244   Data           8  timer.o(.data)
    rt_timer_timeout_hook                    0x2000024c   Data           4  timer.o(.data)
    random_nr                                0x20000250   Data           4  timer.o(.data)
    .data                                    0x20000254   Section       16  cpuport.o(.data)
    rt_exception_hook                        0x20000260   Data           4  cpuport.o(.data)
    .data                                    0x20000264   Section        4  shell.o(.data)
    .data                                    0x20000268   Section       16  symbol.o(.data)
    .bss                                     0x20000278   Section       84  drv_usart.o(.bss)
    .bss                                     0x200002cc   Section      640  led.o(.bss)
    led_stack                                0x200002cc   Data         512  led.o(.bss)
    led_thread                               0x200004cc   Data         128  led.o(.bss)
    .bss                                     0x2000054c   Section     3488  event.o(.bss)
    event                                    0x2000054c   Data          32  event.o(.bss)
    thread1_stack                            0x2000056c   Data        1024  event.o(.bss)
    thread1                                  0x2000096c   Data         128  event.o(.bss)
    thread2_stack                            0x200009ec   Data        1024  event.o(.bss)
    thread2                                  0x20000dec   Data         128  event.o(.bss)
    thread3_stack                            0x20000e6c   Data        1024  event.o(.bss)
    .bss                                     0x200012ec   Section      116  producer_consumer.o(.bss)
    .bss                                     0x20001360   Section      384  idle.o(.bss)
    idle                                     0x20001360   Data         128  idle.o(.bss)
    rt_thread_stack                          0x200013e0   Data         256  idle.o(.bss)
    .bss                                     0x200014e0   Section      128  kservice.o(.bss)
    rt_log_buf                               0x200014e0   Data         128  kservice.o(.bss)
    .bss                                     0x20001560   Section       32  mem.o(.bss)
    heap_sem                                 0x20001560   Data          32  mem.o(.bss)
    .bss                                     0x20001580   Section      256  scheduler.o(.bss)
    .bss                                     0x20001680   Section       68  pin.o(.bss)
    _hw_pin                                  0x20001680   Data          68  pin.o(.bss)
    .bss                                     0x200016c4   Section      129  shell.o(.bss)
    finsh_prompt                             0x200016c4   Data         129  shell.o(.bss)
    STACK                                    0x20001748   Section     1024  startup_stm32f103xe.o(STACK)

    Global Symbols

    Symbol Name                              Value     Ov Type        Size  Object(Section)

    BuildAttributes$$THM_ISAv4$P$D$K$B$S$PE$A:L22UL41UL21$X:L11$S22US41US21$IEEE1$IW$USESV6$~STKCKD$USESV7$~SHL$OSPACE$EBA8$MICROLIB$REQ8$PRES8$EABIv2 0x00000000   Number         0  anon$$obj.o ABSOLUTE
    __ARM_use_no_argv                        0x00000000   Number         0  main.o ABSOLUTE
    __use_no_errno                           0x00000000   Number         0  useno.o ABSOLUTE
    __use_no_exception_handling              0x00000000   Number         0  useno.o ABSOLUTE
    __use_no_fp                              0x00000000   Number         0  useno.o ABSOLUTE
    __use_no_heap                            0x00000000   Number         0  useno.o ABSOLUTE
    __use_no_heap_region                     0x00000000   Number         0  useno.o ABSOLUTE
    __use_no_semihosting                     0x00000000   Number         0  useno.o ABSOLUTE
    __use_no_semihosting_swi                 0x00000000   Number         0  useno.o ABSOLUTE
    __use_no_signal_handling                 0x00000000   Number         0  useno.o ABSOLUTE
    __cpp_initialize__aeabi_                  - Undefined Weak Reference
    __cxa_finalize                            - Undefined Weak Reference
    _clock_init                               - Undefined Weak Reference
    _microlib_exit                            - Undefined Weak Reference
    __Vectors_Size                           0x00000130   Number         0  startup_stm32f103xe.o ABSOLUTE
    __Vectors                                0x08000000   Data           4  startup_stm32f103xe.o(RESET)
    __Vectors_End                            0x08000130   Data           0  startup_stm32f103xe.o(RESET)
    __main                                   0x08000131   Thumb Code     0  entry.o(.ARM.Collect$$$$00000000)
    _main_stk                                0x08000131   Thumb Code     0  entry2.o(.ARM.Collect$$$$00000001)
    _main_scatterload                        0x08000135   Thumb Code     0  entry5.o(.ARM.Collect$$$$00000004)
    __main_after_scatterload                 0x08000139   Thumb Code     0  entry5.o(.ARM.Collect$$$$00000004)
    _main_clock                              0x08000139   Thumb Code     0  entry7b.o(.ARM.Collect$$$$00000008)
    _main_cpp_init                           0x08000139   Thumb Code     0  entry8b.o(.ARM.Collect$$$$0000000A)
    _main_init                               0x08000139   Thumb Code     0  entry9a.o(.ARM.Collect$$$$0000000B)
    __rt_final_cpp                           0x08000141   Thumb Code     0  entry10a.o(.ARM.Collect$$$$0000000D)
    __rt_final_exit                          0x08000141   Thumb Code     0  entry11a.o(.ARM.Collect$$$$0000000F)
    $Super$$main                             0x08000145   Thumb Code    14  main.o(.text)
    HAL_MspInit                              0x08000155   Thumb Code   140  board.o(.text)
    SystemClock_Config                       0x080001e1   Thumb Code   130  board.o(.text)
    SysTick_Handler                          0x08000263   Thumb Code    20  board.o(.text)
    rt_hw_board_init                         0x08000277   Thumb Code    30  board.o(.text)
    NMI_Handler                              0x080002e5   Thumb Code     2  stm32f1xx_it.o(.text)
    MemManage_Handler                        0x080002e7   Thumb Code     4  stm32f1xx_it.o(.text)
    BusFault_Handler                         0x080002eb   Thumb Code     4  stm32f1xx_it.o(.text)
    UsageFault_Handler                       0x080002ef   Thumb Code     4  stm32f1xx_it.o(.text)
    DebugMon_Handler                         0x080002f3   Thumb Code     2  stm32f1xx_it.o(.text)
    get_pin                                  0x080003d5   Thumb Code    26  drv_gpio.o(.text)
    stm32_pin_write                          0x080003ef   Thumb Code    40  drv_gpio.o(.text)
    stm32_pin_read                           0x08000417   Thumb Code    42  drv_gpio.o(.text)
    stm32_pin_mode                           0x08000441   Thumb Code   120  drv_gpio.o(.text)
    stm32_pin_attach_irq                     0x080004d7   Thumb Code   216  drv_gpio.o(.text)
    stm32_pin_dettach_irq                    0x080005af   Thumb Code   134  drv_gpio.o(.text)
    stm32_pin_irq_enable                     0x08000635   Thumb Code   288  drv_gpio.o(.text)
    rt_hw_pin_init                           0x08000755   Thumb Code    18  drv_gpio.o(.text)
    HAL_GPIO_EXTI_Callback                   0x08000767   Thumb Code    54  drv_gpio.o(.text)
    EXTI0_IRQHandler                         0x0800079d   Thumb Code    18  drv_gpio.o(.text)
    EXTI1_IRQHandler                         0x080007af   Thumb Code    18  drv_gpio.o(.text)
    EXTI2_IRQHandler                         0x080007c1   Thumb Code    18  drv_gpio.o(.text)
    EXTI3_IRQHandler                         0x080007d3   Thumb Code    18  drv_gpio.o(.text)
    EXTI4_IRQHandler                         0x080007e5   Thumb Code    18  drv_gpio.o(.text)
    EXTI9_5_IRQHandler                       0x080007f7   Thumb Code    46  drv_gpio.o(.text)
    EXTI15_10_IRQHandler                     0x08000825   Thumb Code    60  drv_gpio.o(.text)
    USART1_IRQHandler                        0x08000a2b   Thumb Code    18  drv_usart.o(.text)
    rt_hw_usart_init                         0x08000a6f   Thumb Code    58  drv_usart.o(.text)
    HAL_UART_MspInit                         0x08000aa9   Thumb Code   366  drv_usart.o(.text)
    HAL_UART_MspDeInit                       0x08000c17   Thumb Code   280  drv_usart.o(.text)
    SystemInit                               0x08000d3d   Thumb Code    70  system_stm32f1xx.o(.text)
    SystemCoreClockUpdate                    0x08000d83   Thumb Code   142  system_stm32f1xx.o(.text)
    HAL_GPIO_Init                            0x08000e31   Thumb Code   790  stm32f1xx_hal_gpio.o(.text)
    HAL_GPIO_DeInit                          0x08001147   Thumb Code   312  stm32f1xx_hal_gpio.o(.text)
    HAL_GPIO_ReadPin                         0x0800127f   Thumb Code    16  stm32f1xx_hal_gpio.o(.text)
    HAL_GPIO_WritePin                        0x0800128f   Thumb Code    12  stm32f1xx_hal_gpio.o(.text)
    HAL_GPIO_TogglePin                       0x0800129b   Thumb Code     8  stm32f1xx_hal_gpio.o(.text)
    HAL_GPIO_LockPin                         0x080012a3   Thumb Code    46  stm32f1xx_hal_gpio.o(.text)
    HAL_GPIO_EXTI_IRQHandler                 0x080012d3   Thumb Code    28  stm32f1xx_hal_gpio.o(.text)
    HAL_DMA_Init                             0x08001319   Thumb Code   140  stm32f1xx_hal_dma.o(.text)
    HAL_DMA_DeInit                           0x080013a5   Thumb Code   124  stm32f1xx_hal_dma.o(.text)
    HAL_DMA_Start                            0x0800144d   Thumb Code   114  stm32f1xx_hal_dma.o(.text)
    HAL_DMA_Start_IT                         0x080014bf   Thumb Code   156  stm32f1xx_hal_dma.o(.text)
    HAL_DMA_Abort                            0x0800155b   Thumb Code    58  stm32f1xx_hal_dma.o(.text)
    HAL_DMA_Abort_IT                         0x08001595   Thumb Code   422  stm32f1xx_hal_dma.o(.text)
    HAL_DMA_PollForTransfer                  0x0800173b   Thumb Code  1614  stm32f1xx_hal_dma.o(.text)
    HAL_DMA_IRQHandler                       0x08001d89   Thumb Code   922  stm32f1xx_hal_dma.o(.text)
    HAL_DMA_RegisterCallback                 0x08002123   Thumb Code    90  stm32f1xx_hal_dma.o(.text)
    HAL_DMA_UnRegisterCallback               0x0800217d   Thumb Code   106  stm32f1xx_hal_dma.o(.text)
    HAL_DMA_GetState                         0x080021e7   Thumb Code     8  stm32f1xx_hal_dma.o(.text)
    HAL_DMA_GetError                         0x080021ef   Thumb Code     6  stm32f1xx_hal_dma.o(.text)
    HAL_NVIC_SetPriorityGrouping             0x0800221d   Thumb Code    36  stm32f1xx_hal_cortex.o(.text)
    HAL_NVIC_SetPriority                     0x08002241   Thumb Code   124  stm32f1xx_hal_cortex.o(.text)
    HAL_NVIC_EnableIRQ                       0x080022bd   Thumb Code    26  stm32f1xx_hal_cortex.o(.text)
    HAL_NVIC_DisableIRQ                      0x080022d7   Thumb Code    22  stm32f1xx_hal_cortex.o(.text)
    HAL_NVIC_SystemReset                     0x080022ed   Thumb Code    64  stm32f1xx_hal_cortex.o(.text)
    HAL_SYSTICK_Config                       0x0800232d   Thumb Code    52  stm32f1xx_hal_cortex.o(.text)
    HAL_NVIC_GetPriorityGrouping             0x08002361   Thumb Code     8  stm32f1xx_hal_cortex.o(.text)
    HAL_NVIC_GetPriority                     0x08002369   Thumb Code   138  stm32f1xx_hal_cortex.o(.text)
    HAL_NVIC_SetPendingIRQ                   0x080023f3   Thumb Code    24  stm32f1xx_hal_cortex.o(.text)
    HAL_NVIC_GetPendingIRQ                   0x0800240b   Thumb Code    38  stm32f1xx_hal_cortex.o(.text)
    HAL_NVIC_ClearPendingIRQ                 0x08002431   Thumb Code    22  stm32f1xx_hal_cortex.o(.text)
    HAL_NVIC_GetActive                       0x08002447   Thumb Code    38  stm32f1xx_hal_cortex.o(.text)
    HAL_SYSTICK_CLKSourceConfig              0x0800246d   Thumb Code    40  stm32f1xx_hal_cortex.o(.text)
    HAL_SYSTICK_Callback                     0x08002495   Thumb Code     2  stm32f1xx_hal_cortex.o(.text)
    HAL_SYSTICK_IRQHandler                   0x08002497   Thumb Code     8  stm32f1xx_hal_cortex.o(.text)
    HAL_RCC_DeInit                           0x080024c1   Thumb Code    64  stm32f1xx_hal_rcc.o(.text)
    HAL_RCC_OscConfig                        0x08002525   Thumb Code  1090  stm32f1xx_hal_rcc.o(.text)
    HAL_RCC_GetSysClockFreq                  0x08002967   Thumb Code   118  stm32f1xx_hal_rcc.o(.text)
    HAL_RCC_ClockConfig                      0x080029dd   Thumb Code   402  stm32f1xx_hal_rcc.o(.text)
    HAL_RCC_MCOConfig                        0x08002b6f   Thumb Code    92  stm32f1xx_hal_rcc.o(.text)
    HAL_RCC_EnableCSS                        0x08002bcb   Thumb Code     8  stm32f1xx_hal_rcc.o(.text)
    HAL_RCC_DisableCSS                       0x08002bd3   Thumb Code     8  stm32f1xx_hal_rcc.o(.text)
    HAL_RCC_GetHCLKFreq                      0x08002bdb   Thumb Code     6  stm32f1xx_hal_rcc.o(.text)
    HAL_RCC_GetPCLK1Freq                     0x08002be1   Thumb Code    22  stm32f1xx_hal_rcc.o(.text)
    HAL_RCC_GetPCLK2Freq                     0x08002bf7   Thumb Code    22  stm32f1xx_hal_rcc.o(.text)
    HAL_RCC_GetOscConfig                     0x08002c0d   Thumb Code   254  stm32f1xx_hal_rcc.o(.text)
    HAL_RCC_GetClockConfig                   0x08002d0b   Thumb Code    58  stm32f1xx_hal_rcc.o(.text)
    HAL_RCC_CSSCallback                      0x08002d45   Thumb Code     2  stm32f1xx_hal_rcc.o(.text)
    HAL_RCC_NMI_IRQHandler                   0x08002d47   Thumb Code    26  stm32f1xx_hal_rcc.o(.text)
    HAL_UART_Init                            0x08002f2d   Thumb Code   114  stm32f1xx_hal_uart.o(.text)
    HAL_HalfDuplex_Init                      0x08002f9f   Thumb Code   118  stm32f1xx_hal_uart.o(.text)
    HAL_LIN_Init                             0x08003015   Thumb Code   134  stm32f1xx_hal_uart.o(.text)
    HAL_MultiProcessor_Init                  0x0800309b   Thumb Code   138  stm32f1xx_hal_uart.o(.text)
    HAL_UART_DeInit                          0x08003127   Thumb Code    46  stm32f1xx_hal_uart.o(.text)
    HAL_UART_Transmit                        0x080031c5   Thumb Code   214  stm32f1xx_hal_uart.o(.text)
    HAL_UART_Receive                         0x0800329b   Thumb Code   222  stm32f1xx_hal_uart.o(.text)
    HAL_UART_Transmit_IT                     0x08003379   Thumb Code    88  stm32f1xx_hal_uart.o(.text)
    HAL_UART_Receive_IT                      0x080033d1   Thumb Code   112  stm32f1xx_hal_uart.o(.text)
    HAL_UART_ErrorCallback                   0x08003441   Thumb Code     2  stm32f1xx_hal_uart.o(.text)
    HAL_UART_TxHalfCpltCallback              0x080034c7   Thumb Code     2  stm32f1xx_hal_uart.o(.text)
    HAL_UART_TxCpltCallback                  0x080034d7   Thumb Code     2  stm32f1xx_hal_uart.o(.text)
    HAL_UART_Transmit_DMA                    0x0800350f   Thumb Code   142  stm32f1xx_hal_uart.o(.text)
    HAL_UART_RxHalfCpltCallback              0x0800359d   Thumb Code     2  stm32f1xx_hal_uart.o(.text)
    HAL_UART_RxCpltCallback                  0x080035ad   Thumb Code     2  stm32f1xx_hal_uart.o(.text)
    HAL_UART_Receive_DMA                     0x080035f5   Thumb Code   182  stm32f1xx_hal_uart.o(.text)
    HAL_UART_DMAPause                        0x080036ab   Thumb Code   124  stm32f1xx_hal_uart.o(.text)
    HAL_UART_DMAResume                       0x08003727   Thumb Code   126  stm32f1xx_hal_uart.o(.text)
    HAL_UART_DMAStop                         0x080037a5   Thumb Code   102  stm32f1xx_hal_uart.o(.text)
    HAL_UART_Abort                           0x0800380b   Thumb Code   126  stm32f1xx_hal_uart.o(.text)
    HAL_UART_AbortTransmit                   0x08003889   Thumb Code    68  stm32f1xx_hal_uart.o(.text)
    HAL_UART_AbortReceive                    0x080038cd   Thumb Code    80  stm32f1xx_hal_uart.o(.text)
    HAL_UART_AbortCpltCallback               0x0800391d   Thumb Code     2  stm32f1xx_hal_uart.o(.text)
    HAL_UART_Abort_IT                        0x0800399d   Thumb Code   208  stm32f1xx_hal_uart.o(.text)
    HAL_UART_AbortTransmitCpltCallback       0x08003a6d   Thumb Code     2  stm32f1xx_hal_uart.o(.text)
    HAL_UART_AbortTransmit_IT                0x08003a87   Thumb Code   102  stm32f1xx_hal_uart.o(.text)
    HAL_UART_AbortReceiveCpltCallback        0x08003aed   Thumb Code     2  stm32f1xx_hal_uart.o(.text)
    HAL_UART_AbortReceive_IT                 0x08003b07   Thumb Code   114  stm32f1xx_hal_uart.o(.text)
    HAL_UART_IRQHandler                      0x08003cbb   Thumb Code   348  stm32f1xx_hal_uart.o(.text)
    HAL_LIN_SendBreak                        0x08003e17   Thumb Code    62  stm32f1xx_hal_uart.o(.text)
    HAL_MultiProcessor_EnterMuteMode         0x08003e55   Thumb Code    62  stm32f1xx_hal_uart.o(.text)
    HAL_MultiProcessor_ExitMuteMode          0x08003e93   Thumb Code    62  stm32f1xx_hal_uart.o(.text)
    HAL_HalfDuplex_EnableTransmitter         0x08003ed1   Thumb Code    68  stm32f1xx_hal_uart.o(.text)
    HAL_HalfDuplex_EnableReceiver            0x08003f15   Thumb Code    68  stm32f1xx_hal_uart.o(.text)
    HAL_UART_GetState                        0x08003f59   Thumb Code    20  stm32f1xx_hal_uart.o(.text)
    HAL_UART_GetError                        0x08003f6d   Thumb Code     6  stm32f1xx_hal_uart.o(.text)
    HAL_InitTick                             0x08003f77   Thumb Code    36  stm32f1xx_hal.o(.text)
    HAL_Init                                 0x08003f9b   Thumb Code    34  stm32f1xx_hal.o(.text)
    HAL_MspDeInit                            0x08003fbd   Thumb Code     2  stm32f1xx_hal.o(.text)
    HAL_DeInit                               0x08003fbf   Thumb Code    30  stm32f1xx_hal.o(.text)
    HAL_IncTick                              0x08003fdd   Thumb Code    12  stm32f1xx_hal.o(.text)
    HAL_GetTick                              0x08003fe9   Thumb Code     6  stm32f1xx_hal.o(.text)
    HAL_Delay                                0x08003fef   Thumb Code    30  stm32f1xx_hal.o(.text)
    HAL_SuspendTick                          0x0800400d   Thumb Code    18  stm32f1xx_hal.o(.text)
    HAL_ResumeTick                           0x0800401f   Thumb Code    18  stm32f1xx_hal.o(.text)
    HAL_GetHalVersion                        0x08004031   Thumb Code     4  stm32f1xx_hal.o(.text)
    HAL_GetREVID                             0x08004035   Thumb Code     8  stm32f1xx_hal.o(.text)
    HAL_GetDEVID                             0x0800403d   Thumb Code    10  stm32f1xx_hal.o(.text)
    HAL_DBGMCU_EnableDBGSleepMode            0x08004047   Thumb Code    14  stm32f1xx_hal.o(.text)
    HAL_DBGMCU_DisableDBGSleepMode           0x08004055   Thumb Code    14  stm32f1xx_hal.o(.text)
    HAL_DBGMCU_EnableDBGStopMode             0x08004063   Thumb Code    14  stm32f1xx_hal.o(.text)
    HAL_DBGMCU_DisableDBGStopMode            0x08004071   Thumb Code    14  stm32f1xx_hal.o(.text)
    HAL_DBGMCU_EnableDBGStandbyMode          0x0800407f   Thumb Code    14  stm32f1xx_hal.o(.text)
    HAL_DBGMCU_DisableDBGStandbyMode         0x0800408d   Thumb Code    14  stm32f1xx_hal.o(.text)
    HAL_GetUID                               0x0800409b   Thumb Code    24  stm32f1xx_hal.o(.text)
    Reset_Handler                            0x080040d1   Thumb Code     8  startup_stm32f103xe.o(.text)
    SVC_Handler                              0x080040e3   Thumb Code     2  startup_stm32f103xe.o(.text)
    ADC1_2_IRQHandler                        0x080040eb   Thumb Code     0  startup_stm32f103xe.o(.text)
    ADC3_IRQHandler                          0x080040eb   Thumb Code     0  startup_stm32f103xe.o(.text)
    CAN1_RX1_IRQHandler                      0x080040eb   Thumb Code     0  startup_stm32f103xe.o(.text)
    CAN1_SCE_IRQHandler                      0x080040eb   Thumb Code     0  startup_stm32f103xe.o(.text)
    DMA1_Channel1_IRQHandler                 0x080040eb   Thumb Code     0  startup_stm32f103xe.o(.text)
    DMA1_Channel2_IRQHandler                 0x080040eb   Thumb Code     0  startup_stm32f103xe.o(.text)
    DMA1_Channel3_IRQHandler                 0x080040eb   Thumb Code     0  startup_stm32f103xe.o(.text)
    DMA1_Channel4_IRQHandler                 0x080040eb   Thumb Code     0  startup_stm32f103xe.o(.text)
    DMA1_Channel5_IRQHandler                 0x080040eb   Thumb Code     0  startup_stm32f103xe.o(.text)
    DMA1_Channel6_IRQHandler                 0x080040eb   Thumb Code     0  startup_stm32f103xe.o(.text)
    DMA1_Channel7_IRQHandler                 0x080040eb   Thumb Code     0  startup_stm32f103xe.o(.text)
    DMA2_Channel1_IRQHandler                 0x080040eb   Thumb Code     0  startup_stm32f103xe.o(.text)
    DMA2_Channel2_IRQHandler                 0x080040eb   Thumb Code     0  startup_stm32f103xe.o(.text)
    DMA2_Channel3_IRQHandler                 0x080040eb   Thumb Code     0  startup_stm32f103xe.o(.text)
    DMA2_Channel4_5_IRQHandler               0x080040eb   Thumb Code     0  startup_stm32f103xe.o(.text)
    FLASH_IRQHandler                         0x080040eb   Thumb Code     0  startup_stm32f103xe.o(.text)
    FSMC_IRQHandler                          0x080040eb   Thumb Code     0  startup_stm32f103xe.o(.text)
    I2C1_ER_IRQHandler                       0x080040eb   Thumb Code     0  startup_stm32f103xe.o(.text)
    I2C1_EV_IRQHandler                       0x080040eb   Thumb Code     0  startup_stm32f103xe.o(.text)
    I2C2_ER_IRQHandler                       0x080040eb   Thumb Code     0  startup_stm32f103xe.o(.text)
    I2C2_EV_IRQHandler                       0x080040eb   Thumb Code     0  startup_stm32f103xe.o(.text)
    PVD_IRQHandler                           0x080040eb   Thumb Code     0  startup_stm32f103xe.o(.text)
    RCC_IRQHandler                           0x080040eb   Thumb Code     0  startup_stm32f103xe.o(.text)
    RTC_Alarm_IRQHandler                     0x080040eb   Thumb Code     0  startup_stm32f103xe.o(.text)
    RTC_IRQHandler                           0x080040eb   Thumb Code     0  startup_stm32f103xe.o(.text)
    SDIO_IRQHandler                          0x080040eb   Thumb Code     0  startup_stm32f103xe.o(.text)
    SPI1_IRQHandler                          0x080040eb   Thumb Code     0  startup_stm32f103xe.o(.text)
    SPI2_IRQHandler                          0x080040eb   Thumb Code     0  startup_stm32f103xe.o(.text)
    SPI3_IRQHandler                          0x080040eb   Thumb Code     0  startup_stm32f103xe.o(.text)
    TAMPER_IRQHandler                        0x080040eb   Thumb Code     0  startup_stm32f103xe.o(.text)
    TIM1_BRK_IRQHandler                      0x080040eb   Thumb Code     0  startup_stm32f103xe.o(.text)
    TIM1_CC_IRQHandler                       0x080040eb   Thumb Code     0  startup_stm32f103xe.o(.text)
    TIM1_TRG_COM_IRQHandler                  0x080040eb   Thumb Code     0  startup_stm32f103xe.o(.text)
    TIM1_UP_IRQHandler                       0x080040eb   Thumb Code     0  startup_stm32f103xe.o(.text)
    TIM2_IRQHandler                          0x080040eb   Thumb Code     0  startup_stm32f103xe.o(.text)
    TIM3_IRQHandler                          0x080040eb   Thumb Code     0  startup_stm32f103xe.o(.text)
    TIM4_IRQHandler                          0x080040eb   Thumb Code     0  startup_stm32f103xe.o(.text)
    TIM5_IRQHandler                          0x080040eb   Thumb Code     0  startup_stm32f103xe.o(.text)
    TIM6_IRQHandler                          0x080040eb   Thumb Code     0  startup_stm32f103xe.o(.text)
    TIM7_IRQHandler                          0x080040eb   Thumb Code     0  startup_stm32f103xe.o(.text)
    TIM8_BRK_IRQHandler                      0x080040eb   Thumb Code     0  startup_stm32f103xe.o(.text)
    TIM8_CC_IRQHandler                       0x080040eb   Thumb Code     0  startup_stm32f103xe.o(.text)
    TIM8_TRG_COM_IRQHandler                  0x080040eb   Thumb Code     0  startup_stm32f103xe.o(.text)
    TIM8_UP_IRQHandler                       0x080040eb   Thumb Code     0  startup_stm32f103xe.o(.text)
    UART4_IRQHandler                         0x080040eb   Thumb Code     0  startup_stm32f103xe.o(.text)
    UART5_IRQHandler                         0x080040eb   Thumb Code     0  startup_stm32f103xe.o(.text)
    USART2_IRQHandler                        0x080040eb   Thumb Code     0  startup_stm32f103xe.o(.text)
    USART3_IRQHandler                        0x080040eb   Thumb Code     0  startup_stm32f103xe.o(.text)
    USBWakeUp_IRQHandler                     0x080040eb   Thumb Code     0  startup_stm32f103xe.o(.text)
    USB_HP_CAN1_TX_IRQHandler                0x080040eb   Thumb Code     0  startup_stm32f103xe.o(.text)
    USB_LP_CAN1_RX0_IRQHandler               0x080040eb   Thumb Code     0  startup_stm32f103xe.o(.text)
    WWDG_IRQHandler                          0x080040eb   Thumb Code     0  startup_stm32f103xe.o(.text)
    rt_hw_led_init                           0x080040f5   Thumb Code    20  led.o(.text)
    rt_hw_led_on                             0x08004109   Thumb Code    38  led.o(.text)
    rt_hw_led_off                            0x0800412f   Thumb Code    38  led.o(.text)
    led                                      0x08004155   Thumb Code    86  led.o(.text)
    led_sample_init                          0x080041dd   Thumb Code    48  led.o(.text)
    thread_sample_init                       0x080042ad   Thumb Code    98  thread.o(.text)
    event_sample_init                        0x080043fd   Thumb Code   140  event.o(.text)
    producer_thread_entry                    0x080045b1   Thumb Code   120  producer_consumer.o(.text)
    consumer_thread_entry                    0x08004629   Thumb Code   160  producer_consumer.o(.text)
    semaphore_producer_consumer_init         0x080046c9   Thumb Code   124  producer_consumer.o(.text)
    rt_system_tick_init                      0x0800482d   Thumb Code     2  clock.o(.text)
    rt_tick_get                              0x0800482f   Thumb Code     6  clock.o(.text)
    rt_tick_set                              0x08004835   Thumb Code    22  clock.o(.text)
    rt_tick_increase                         0x0800484b   Thumb Code    42  clock.o(.text)
    rt_tick_from_millisecond                 0x08004875   Thumb Code    30  clock.o(.text)
    rt_components_board_init                 0x080048a9   Thumb Code    20  components.o(.text)
    rt_components_init                       0x080048bd   Thumb Code    20  components.o(.text)
    main_thread_entry                        0x080048d1   Thumb Code    14  components.o(.text)
    rt_application_init                      0x080048df   Thumb Code    48  components.o(.text)
    rtthread_startup                         0x0800490f   Thumb Code    42  components.o(.text)
    main                                     0x08004939   Thumb Code    14  components.o(.text)
    rt_device_find                           0x08004971   Thumb Code    94  device.o(.text)
    rt_device_register                       0x080049cf   Thumb Code    52  device.o(.text)
    rt_device_unregister                     0x08004a03   Thumb Code    26  device.o(.text)
    rt_device_init_all                       0x08004a1d   Thumb Code     4  device.o(.text)
    rt_device_create                         0x08004a21   Thumb Code    40  device.o(.text)
    rt_device_destroy                        0x08004a49   Thumb Code    18  device.o(.text)
    rt_device_init                           0x08004a5b   Thumb Code    64  device.o(.text)
    rt_device_open                           0x08004a9b   Thumb Code   150  device.o(.text)
    rt_device_close                          0x08004b31   Thumb Code    70  device.o(.text)
    rt_device_read                           0x08004b77   Thumb Code    76  device.o(.text)
    rt_device_write                          0x08004bc3   Thumb Code    76  device.o(.text)
    rt_device_control                        0x08004c0f   Thumb Code    44  device.o(.text)
    rt_device_set_rx_indicate                0x08004c3b   Thumb Code    26  device.o(.text)
    rt_device_set_tx_complete                0x08004c55   Thumb Code    26  device.o(.text)
    rt_thread_idle_sethook                   0x08004d0d   Thumb Code     6  idle.o(.text)
    rt_thread_idle_excute                    0x08004d13   Thumb Code   168  idle.o(.text)
    rt_thread_idle_init                      0x08004dcf   Thumb Code    38  idle.o(.text)
    rt_thread_idle_gethandler                0x08004df5   Thumb Code     4  idle.o(.text)
    rt_sem_init                              0x08004f01   Thumb Code    50  ipc.o(.text)
    rt_sem_detach                            0x08004f33   Thumb Code    34  ipc.o(.text)
    rt_sem_create                            0x08004f55   Thumb Code    84  ipc.o(.text)
    rt_sem_delete                            0x08004fa9   Thumb Code    78  ipc.o(.text)
    rt_sem_take                              0x08004ff7   Thumb Code   266  ipc.o(.text)
    rt_sem_trytake                           0x08005101   Thumb Code    14  ipc.o(.text)
    rt_sem_release                           0x0800510f   Thumb Code    80  ipc.o(.text)
    rt_sem_control                           0x0800515f   Thumb Code    68  ipc.o(.text)
    rt_mutex_init                            0x080051a3   Thumb Code    58  ipc.o(.text)
    rt_mutex_detach                          0x080051dd   Thumb Code    36  ipc.o(.text)
    rt_mutex_create                          0x08005201   Thumb Code    96  ipc.o(.text)
    rt_mutex_delete                          0x08005261   Thumb Code    78  ipc.o(.text)
    rt_mutex_take                            0x080052af   Thumb Code   538  ipc.o(.text)
    rt_mutex_release                         0x080054c9   Thumb Code   272  ipc.o(.text)
    rt_mutex_control                         0x080055d9   Thumb Code     8  ipc.o(.text)
    rt_event_init                            0x080055e1   Thumb Code    46  ipc.o(.text)
    rt_event_detach                          0x0800560f   Thumb Code    36  ipc.o(.text)
    rt_event_create                          0x08005633   Thumb Code    88  ipc.o(.text)
    rt_event_delete                          0x0800568b   Thumb Code    82  ipc.o(.text)
    rt_event_send                            0x080056dd   Thumb Code   272  ipc.o(.text)
    rt_event_recv                            0x080057ed   Thumb Code   380  ipc.o(.text)
    rt_event_control                         0x08005969   Thumb Code    70  ipc.o(.text)
    rt_mb_init                               0x080059af   Thumb Code    76  ipc.o(.text)
    rt_mb_detach                             0x080059fb   Thumb Code    44  ipc.o(.text)
    rt_mb_create                             0x08005a27   Thumb Code   128  ipc.o(.text)
    rt_mb_delete                             0x08005aa7   Thumb Code    96  ipc.o(.text)
    rt_mb_send_wait                          0x08005b07   Thumb Code   436  ipc.o(.text)
    rt_mb_send                               0x08005cbb   Thumb Code    18  ipc.o(.text)
    rt_mb_recv                               0x08005ccd   Thumb Code   412  ipc.o(.text)
    rt_mb_control                            0x08005e69   Thumb Code    82  ipc.o(.text)
    rt_mq_init                               0x08005ebb   Thumb Code   118  ipc.o(.text)
    rt_mq_detach                             0x08005f31   Thumb Code    36  ipc.o(.text)
    rt_mq_delete                             0x08005f55   Thumb Code    88  ipc.o(.text)
    rt_mq_create                             0x08005fad   Thumb Code   174  ipc.o(.text)
    rt_mq_send                               0x0800605b   Thumb Code   290  ipc.o(.text)
    rt_mq_urgent                             0x0800617d   Thumb Code   198  ipc.o(.text)
    rt_mq_recv                               0x08006243   Thumb Code   438  ipc.o(.text)
    rt_mq_control                            0x080063f9   Thumb Code    98  ipc.o(.text)
    rt_interrupt_enter_sethook               0x080064b1   Thumb Code     6  irq.o(.text)
    rt_interrupt_leave_sethook               0x080064b7   Thumb Code     6  irq.o(.text)
    rt_interrupt_enter                       0x080064bd   Thumb Code    46  irq.o(.text)
    rt_interrupt_leave                       0x080064eb   Thumb Code    46  irq.o(.text)
    rt_interrupt_get_nest                    0x08006519   Thumb Code     6  irq.o(.text)
    rt_get_errno                             0x0800652d   Thumb Code    32  kservice.o(.text)
    rt_set_errno                             0x0800654d   Thumb Code    36  kservice.o(.text)
    _rt_errno                                0x08006571   Thumb Code    30  kservice.o(.text)
    rt_memset                                0x0800658f   Thumb Code    72  kservice.o(.text)
    rt_memcpy                                0x080065d7   Thumb Code   124  kservice.o(.text)
    rt_memmove                               0x08006653   Thumb Code    66  kservice.o(.text)
    rt_memcmp                                0x08006695   Thumb Code    38  kservice.o(.text)
    rt_strlen                                0x080066bb   Thumb Code    18  kservice.o(.text)
    rt_strstr                                0x080066cd   Thumb Code    58  kservice.o(.text)
    rt_strcasecmp                            0x08006707   Thumb Code    48  kservice.o(.text)
    rt_strncpy                               0x08006737   Thumb Code    52  kservice.o(.text)
    rt_strncmp                               0x0800676b   Thumb Code    40  kservice.o(.text)
    rt_strcmp                                0x08006793   Thumb Code    28  kservice.o(.text)
    rt_strnlen                               0x080067af   Thumb Code    24  kservice.o(.text)
    rt_strdup                                0x080067c7   Thumb Code    40  kservice.o(.text)
    rt_hw_console_output                     0x080067ef   Thumb Code     2  kservice.o(.text)
    rt_vsnprintf                             0x080069a7   Thumb Code   800  kservice.o(.text)
    rt_kprintf                               0x08006cc7   Thumb Code    96  kservice.o(.text)
    rt_show_version                          0x08006d27   Thumb Code    38  kservice.o(.text)
    rt_snprintf                              0x08006d4d   Thumb Code    38  kservice.o(.text)
    rt_vsprintf                              0x08006d73   Thumb Code    22  kservice.o(.text)
    rt_sprintf                               0x08006d89   Thumb Code    34  kservice.o(.text)
    rt_console_get_device                    0x08006dab   Thumb Code     6  kservice.o(.text)
    rt_console_set_device                    0x08006db1   Thumb Code    48  kservice.o(.text)
    rt_kputs                                 0x08006de1   Thumb Code    78  kservice.o(.text)
    rt_malloc_align                          0x08006e2f   Thumb Code    66  kservice.o(.text)
    rt_free_align                            0x08006e71   Thumb Code    16  kservice.o(.text)
    __rt_ffs                                 0x08006e81   Thumb Code    70  kservice.o(.text)
    rt_assert_set_hook                       0x08006ec7   Thumb Code     6  kservice.o(.text)
    rt_assert_handler                        0x08006ecd   Thumb Code    56  kservice.o(.text)
    rt_malloc_sethook                        0x08006fdd   Thumb Code     6  mem.o(.text)
    rt_free_sethook                          0x08006fe3   Thumb Code     6  mem.o(.text)
    rt_system_heap_init                      0x08007089   Thumb Code   204  mem.o(.text)
    rt_malloc                                0x08007155   Thumb Code   522  mem.o(.text)
    rt_free                                  0x0800735f   Thumb Code   688  mem.o(.text)
    rt_realloc                               0x0800760f   Thumb Code   324  mem.o(.text)
    rt_calloc                                0x08007753   Thumb Code    84  mem.o(.text)
    rt_memory_info                           0x080077a7   Thumb Code    26  mem.o(.text)
    list_mem                                 0x080077c1   Thumb Code    34  mem.o(.text)
    rt_object_attach_sethook                 0x080078f1   Thumb Code     6  object.o(.text)
    rt_object_detach_sethook                 0x080078f7   Thumb Code     6  object.o(.text)
    rt_object_trytake_sethook                0x080078fd   Thumb Code     6  object.o(.text)
    rt_object_take_sethook                   0x08007903   Thumb Code     6  object.o(.text)
    rt_object_put_sethook                    0x08007909   Thumb Code     6  object.o(.text)
    rt_system_object_init                    0x0800790f   Thumb Code     2  object.o(.text)
    rt_object_get_information                0x08007911   Thumb Code    36  object.o(.text)
    rt_object_init                           0x08007935   Thumb Code    92  object.o(.text)
    rt_object_detach                         0x08007991   Thumb Code    58  object.o(.text)
    rt_object_allocate                       0x080079cb   Thumb Code   148  object.o(.text)
    rt_object_delete                         0x08007a5f   Thumb Code    84  object.o(.text)
    rt_object_is_systemobject                0x08007ab3   Thumb Code    34  object.o(.text)
    rt_object_find                           0x08007ad5   Thumb Code   142  object.o(.text)
    rt_scheduler_sethook                     0x08007c19   Thumb Code     6  scheduler.o(.text)
    rt_system_scheduler_init                 0x08007c79   Thumb Code    56  scheduler.o(.text)
    rt_system_scheduler_start                0x08007cb1   Thumb Code    36  scheduler.o(.text)
    rt_schedule                              0x08007cd5   Thumb Code   154  scheduler.o(.text)
    rt_schedule_insert_thread                0x08007d6f   Thumb Code    90  scheduler.o(.text)
    rt_schedule_remove_thread                0x08007dc9   Thumb Code    94  scheduler.o(.text)
    rt_enter_critical                        0x08007e27   Thumb Code    28  scheduler.o(.text)
    rt_exit_critical                         0x08007e43   Thumb Code    54  scheduler.o(.text)
    rt_critical_level                        0x08007e79   Thumb Code     8  scheduler.o(.text)
    rt_thread_suspend_sethook                0x08007f3d   Thumb Code     6  src_thread.o(.text)
    rt_thread_resume_sethook                 0x08007f43   Thumb Code     6  src_thread.o(.text)
    rt_thread_inited_sethook                 0x08007f49   Thumb Code     6  src_thread.o(.text)
    rt_thread_exit                           0x08007f4f   Thumb Code    76  src_thread.o(.text)
    rt_thread_timeout                        0x08007f9b   Thumb Code    70  src_thread.o(.text)
    rt_thread_init                           0x08008081   Thumb Code    74  src_thread.o(.text)
    rt_thread_self                           0x080080cb   Thumb Code     6  src_thread.o(.text)
    rt_thread_resume                         0x080080d1   Thumb Code   100  src_thread.o(.text)
    rt_thread_startup                        0x08008135   Thumb Code    88  src_thread.o(.text)
    rt_thread_detach                         0x0800818d   Thumb Code    84  src_thread.o(.text)
    rt_thread_create                         0x080081e1   Thumb Code    80  src_thread.o(.text)
    rt_thread_delete                         0x08008231   Thumb Code    74  src_thread.o(.text)
    rt_thread_yield                          0x0800827b   Thumb Code    92  src_thread.o(.text)
    rt_thread_suspend                        0x080082d7   Thumb Code   362  src_thread.o(.text)
    rt_thread_sleep                          0x08008441   Thumb Code    78  src_thread.o(.text)
    rt_thread_delay                          0x0800848f   Thumb Code    12  src_thread.o(.text)
    rt_thread_control                        0x0800849b   Thumb Code   134  src_thread.o(.text)
    rt_thread_find                           0x08008521   Thumb Code    96  src_thread.o(.text)
    rt_timer_timeout_sethook                 0x080085bb   Thumb Code     6  timer.o(.text)
    rt_timer_init                            0x0800864d   Thumb Code    58  timer.o(.text)
    rt_timer_detach                          0x08008687   Thumb Code    44  timer.o(.text)
    rt_timer_create                          0x080086b3   Thumb Code    54  timer.o(.text)
    rt_timer_delete                          0x080086e9   Thumb Code    46  timer.o(.text)
    rt_timer_start                           0x08008717   Thumb Code   292  timer.o(.text)
    rt_timer_stop                            0x0800883b   Thumb Code    80  timer.o(.text)
    rt_timer_control                         0x0800888b   Thumb Code    76  timer.o(.text)
    rt_timer_check                           0x080088d7   Thumb Code   148  timer.o(.text)
    rt_timer_next_timeout_tick               0x0800896b   Thumb Code    10  timer.o(.text)
    rt_system_timer_init                     0x08008975   Thumb Code    24  timer.o(.text)
    rt_system_timer_thread_init              0x0800898d   Thumb Code     2  timer.o(.text)
    rt_hw_stack_init                         0x08008a09   Thumb Code    70  cpuport.o(.text)
    rt_hw_exception_install                  0x08008a4f   Thumb Code     6  cpuport.o(.text)
    rt_hw_hard_fault_exception               0x08008c33   Thumb Code   198  cpuport.o(.text)
    rt_hw_cpu_shutdown                       0x08008cf9   Thumb Code    22  cpuport.o(.text)
    rt_hw_interrupt_disable                  0x08008fdd   Thumb Code     8  context_rvds.o(.text)
    rt_hw_interrupt_enable                   0x08008fe5   Thumb Code     6  context_rvds.o(.text)
    rt_hw_context_switch                     0x08008feb   Thumb Code    32  context_rvds.o(.text)
    rt_hw_context_switch_interrupt           0x08008feb   Thumb Code     0  context_rvds.o(.text)
    PendSV_Handler                           0x0800900b   Thumb Code    60  context_rvds.o(.text)
    rt_hw_context_switch_to                  0x08009047   Thumb Code    58  context_rvds.o(.text)
    rt_hw_interrupt_thread_switch            0x08009081   Thumb Code     2  context_rvds.o(.text)
    HardFault_Handler                        0x08009083   Thumb Code    48  context_rvds.o(.text)
    rt_device_pin_register                   0x0800917d   Thumb Code    56  pin.o(.text)
    rt_pin_attach_irq                        0x080091b5   Thumb Code    60  pin.o(.text)
    rt_pin_dettach_irq                       0x080091f1   Thumb Code    46  pin.o(.text)
    rt_pin_irq_enable                        0x0800921f   Thumb Code    50  pin.o(.text)
    rt_pin_mode                              0x08009251   Thumb Code    38  pin.o(.text)
    rt_pin_write                             0x08009277   Thumb Code    38  pin.o(.text)
    rt_pin_read                              0x0800929d   Thumb Code    34  pin.o(.text)
    rt_hw_serial_register                    0x08009bcf   Thumb Code    82  serial.o(.text)
    rt_hw_serial_isr                         0x08009c21   Thumb Code   480  serial.o(.text)
    rt_completion_init                       0x08009fa1   Thumb Code    42  completion.o(.text)
    rt_completion_wait                       0x08009fcb   Thumb Code   198  completion.o(.text)
    rt_completion_done                       0x0800a091   Thumb Code    76  completion.o(.text)
    rt_data_queue_init                       0x0800a17b   Thumb Code    76  dataqueue.o(.text)
    rt_data_queue_push                       0x0800a1c7   Thumb Code   282  dataqueue.o(.text)
    rt_data_queue_pop                        0x0800a2e1   Thumb Code   342  dataqueue.o(.text)
    rt_data_queue_peak                       0x0800a437   Thumb Code   104  dataqueue.o(.text)
    rt_data_queue_reset                      0x0800a49f   Thumb Code   106  dataqueue.o(.text)
    finsh_get_prompt                         0x0800a595   Thumb Code    38  shell.o(.text)
    finsh_set_device                         0x0800a619   Thumb Code   156  shell.o(.text)
    finsh_get_device                         0x0800a6b5   Thumb Code    28  shell.o(.text)
    finsh_set_echo                           0x0800a6d1   Thumb Code    30  shell.o(.text)
    finsh_get_echo                           0x0800a6ef   Thumb Code    32  shell.o(.text)
    finsh_thread_entry                       0x0800a831   Thumb Code  1358  shell.o(.text)
    finsh_system_function_init               0x0800ad7f   Thumb Code    10  shell.o(.text)
    finsh_system_var_init                    0x0800ad89   Thumb Code    10  shell.o(.text)
    finsh_system_init                        0x0800ad93   Thumb Code    96  shell.o(.text)
    hello                                    0x0800ae65   Thumb Code    12  cmd.o(.text)
    version                                  0x0800ae71   Thumb Code    10  cmd.o(.text)
    list_thread                              0x0800af83   Thumb Code    18  cmd.o(.text)
    list_sem                                 0x0800b04b   Thumb Code    18  cmd.o(.text)
    list_event                               0x0800b0df   Thumb Code    18  cmd.o(.text)
    list_mutex                               0x0800b151   Thumb Code    18  cmd.o(.text)
    list_mailbox                             0x0800b1f9   Thumb Code    18  cmd.o(.text)
    list_msgqueue                            0x0800b563   Thumb Code    18  cmd.o(.text)
    list_memheap                             0x0800b5c9   Thumb Code    18  cmd.o(.text)
    list_mempool                             0x0800b665   Thumb Code    18  cmd.o(.text)
    list_timer                               0x0800b6eb   Thumb Code    18  cmd.o(.text)
    list_device                              0x0800b76b   Thumb Code    18  cmd.o(.text)
    list                                     0x0800b77d   Thumb Code    54  cmd.o(.text)
    msh_is_used                              0x0800ba4d   Thumb Code     4  msh.o(.text)
    msh_help                                 0x0800ba51   Thumb Code    66  msh.o(.text)
    msh_exec                                 0x0800bc31   Thumb Code    82  msh.o(.text)
    msh_auto_complete                        0x0800bca3   Thumb Code   138  msh.o(.text)
    cmd_ps                                   0x0800bdb5   Thumb Code    14  msh_cmd.o(.text)
    cmd_time                                 0x0800bdc3   Thumb Code     6  msh_cmd.o(.text)
    cmd_free                                 0x0800bdc9   Thumb Code    14  msh_cmd.o(.text)
    libc_system_init                         0x0800bdd7   Thumb Code     4  libc.o(.text)
    __aeabi_memcpy                           0x0800bddb   Thumb Code    36  memcpya.o(.text)
    __aeabi_memcpy4                          0x0800bddb   Thumb Code     0  memcpya.o(.text)
    __aeabi_memcpy8                          0x0800bddb   Thumb Code     0  memcpya.o(.text)
    __aeabi_memset                           0x0800bdff   Thumb Code    14  memseta.o(.text)
    __aeabi_memset4                          0x0800bdff   Thumb Code     0  memseta.o(.text)
    __aeabi_memset8                          0x0800bdff   Thumb Code     0  memseta.o(.text)
    __aeabi_memclr                           0x0800be0d   Thumb Code     4  memseta.o(.text)
    __aeabi_memclr4                          0x0800be0d   Thumb Code     0  memseta.o(.text)
    __aeabi_memclr8                          0x0800be0d   Thumb Code     0  memseta.o(.text)
    _memset$wrapper                          0x0800be11   Thumb Code    18  memseta.o(.text)
    strcat                                   0x0800be23   Thumb Code    24  strcat.o(.text)
    strlen                                   0x0800be3b   Thumb Code    14  strlen.o(.text)
    memcmp                                   0x0800be49   Thumb Code    26  memcmp.o(.text)
    strcpy                                   0x0800be63   Thumb Code    18  strcpy.o(.text)
    strncmp                                  0x0800be75   Thumb Code    30  strncmp.o(.text)
    __scatterload                            0x0800be95   Thumb Code    28  init.o(.text)
    __scatterload_rt2                        0x0800be95   Thumb Code     0  init.o(.text)
    __decompress                             0x0800beb9   Thumb Code     0  __dczerorl2.o(.text)
    __decompress1                            0x0800beb9   Thumb Code    86  __dczerorl2.o(.text)
    __scatterload_copy                       0x0800bf0f   Thumb Code    14  handlers.o(i.__scatterload_copy)
    __scatterload_null                       0x0800bf1d   Thumb Code     2  handlers.o(i.__scatterload_null)
    __scatterload_zeroinit                   0x0800bf1f   Thumb Code    14  handlers.o(i.__scatterload_zeroinit)
    AHBPrescTable                            0x0800c917   Data          16  system_stm32f1xx.o(.constdata)
    APBPrescTable                            0x0800c927   Data           8  system_stm32f1xx.o(.constdata)
    __lowest_bit_bitmap                      0x0800cbe7   Data         256  kservice.o(.constdata)
    __fsym___cmd_led_sample_init_name        0x0800d4ad   Data          22  led.o(.rodata.name)
    __fsym___cmd_led_sample_init_desc        0x0800d4c3   Data          11  led.o(.rodata.name)
    __fsym___cmd_thread_sample_init_name     0x0800d4ce   Data          25  thread.o(.rodata.name)
    __fsym___cmd_thread_sample_init_desc     0x0800d4e7   Data          18  thread.o(.rodata.name)
    __fsym___cmd_event_sample_init_name      0x0800d4f9   Data          24  event.o(.rodata.name)
    __fsym___cmd_event_sample_init_desc      0x0800d511   Data          13  event.o(.rodata.name)
    __fsym___cmd_semaphore_producer_consumer_init_name 0x0800d51e   Data          39  producer_consumer.o(.rodata.name)
    __fsym___cmd_semaphore_producer_consumer_init_desc 0x0800d545   Data          25  producer_consumer.o(.rodata.name)
    __fsym_list_mem_name                     0x0800d55e   Data           9  mem.o(.rodata.name)
    __fsym_list_mem_desc                     0x0800d567   Data          30  mem.o(.rodata.name)
    __fsym_pinMode_name                      0x0800d585   Data           8  pin.o(.rodata.name)
    __fsym_pinMode_desc                      0x0800d58d   Data          22  pin.o(.rodata.name)
    __fsym_pinWrite_name                     0x0800d5a3   Data           9  pin.o(.rodata.name)
    __fsym_pinWrite_desc                     0x0800d5ac   Data          28  pin.o(.rodata.name)
    __fsym_pinRead_name                      0x0800d5c8   Data           8  pin.o(.rodata.name)
    __fsym_pinRead_desc                      0x0800d5d0   Data          30  pin.o(.rodata.name)
    __fsym_hello_name                        0x0800d5ee   Data           6  cmd.o(.rodata.name)
    __fsym_hello_desc                        0x0800d5f4   Data          16  cmd.o(.rodata.name)
    __fsym_version_name                      0x0800d604   Data           8  cmd.o(.rodata.name)
    __fsym_version_desc                      0x0800d60c   Data          35  cmd.o(.rodata.name)
    __fsym___cmd_version_name                0x0800d62f   Data          14  cmd.o(.rodata.name)
    __fsym___cmd_version_desc                0x0800d63d   Data          35  cmd.o(.rodata.name)
    __fsym_list_thread_name                  0x0800d660   Data          12  cmd.o(.rodata.name)
    __fsym_list_thread_desc                  0x0800d66c   Data          12  cmd.o(.rodata.name)
    __fsym___cmd_list_thread_name            0x0800d678   Data          18  cmd.o(.rodata.name)
    __fsym___cmd_list_thread_desc            0x0800d68a   Data          12  cmd.o(.rodata.name)
    __fsym_list_sem_name                     0x0800d696   Data           9  cmd.o(.rodata.name)
    __fsym_list_sem_desc                     0x0800d69f   Data          25  cmd.o(.rodata.name)
    __fsym___cmd_list_sem_name               0x0800d6b8   Data          15  cmd.o(.rodata.name)
    __fsym___cmd_list_sem_desc               0x0800d6c7   Data          25  cmd.o(.rodata.name)
    __fsym_list_event_name                   0x0800d6e0   Data          11  cmd.o(.rodata.name)
    __fsym_list_event_desc                   0x0800d6eb   Data          21  cmd.o(.rodata.name)
    __fsym___cmd_list_event_name             0x0800d700   Data          17  cmd.o(.rodata.name)
    __fsym___cmd_list_event_desc             0x0800d711   Data          21  cmd.o(.rodata.name)
    __fsym_list_mutex_name                   0x0800d726   Data          11  cmd.o(.rodata.name)
    __fsym_list_mutex_desc                   0x0800d731   Data          21  cmd.o(.rodata.name)
    __fsym___cmd_list_mutex_name             0x0800d746   Data          17  cmd.o(.rodata.name)
    __fsym___cmd_list_mutex_desc             0x0800d757   Data          21  cmd.o(.rodata.name)
    __fsym_list_mailbox_name                 0x0800d76c   Data          13  cmd.o(.rodata.name)
    __fsym_list_mailbox_desc                 0x0800d779   Data          24  cmd.o(.rodata.name)
    __fsym___cmd_list_mailbox_name           0x0800d791   Data          19  cmd.o(.rodata.name)
    __fsym___cmd_list_mailbox_desc           0x0800d7a4   Data          24  cmd.o(.rodata.name)
    __fsym_list_msgqueue_name                0x0800d7bc   Data          14  cmd.o(.rodata.name)
    __fsym_list_msgqueue_desc                0x0800d7ca   Data          29  cmd.o(.rodata.name)
    __fsym___cmd_list_msgqueue_name          0x0800d7e7   Data          20  cmd.o(.rodata.name)
    __fsym___cmd_list_msgqueue_desc          0x0800d7fb   Data          29  cmd.o(.rodata.name)
    __fsym_list_memheap_name                 0x0800d818   Data          13  cmd.o(.rodata.name)
    __fsym_list_memheap_desc                 0x0800d825   Data          27  cmd.o(.rodata.name)
    __fsym___cmd_list_memheap_name           0x0800d840   Data          19  cmd.o(.rodata.name)
    __fsym___cmd_list_memheap_desc           0x0800d853   Data          27  cmd.o(.rodata.name)
    __fsym_list_mempool_name                 0x0800d86e   Data          13  cmd.o(.rodata.name)
    __fsym_list_mempool_desc                 0x0800d87b   Data          27  cmd.o(.rodata.name)
    __fsym___cmd_list_mempool_name           0x0800d896   Data          19  cmd.o(.rodata.name)
    __fsym___cmd_list_mempool_desc           0x0800d8a9   Data          27  cmd.o(.rodata.name)
    __fsym_list_timer_name                   0x0800d8c4   Data          11  cmd.o(.rodata.name)
    __fsym_list_timer_desc                   0x0800d8cf   Data          21  cmd.o(.rodata.name)
    __fsym___cmd_list_timer_name             0x0800d8e4   Data          17  cmd.o(.rodata.name)
    __fsym___cmd_list_timer_desc             0x0800d8f5   Data          21  cmd.o(.rodata.name)
    __fsym_list_device_name                  0x0800d90a   Data          12  cmd.o(.rodata.name)
    __fsym_list_device_desc                  0x0800d916   Data          22  cmd.o(.rodata.name)
    __fsym___cmd_list_device_name            0x0800d92c   Data          18  cmd.o(.rodata.name)
    __fsym___cmd_list_device_desc            0x0800d93e   Data          22  cmd.o(.rodata.name)
    __fsym_list_name                         0x0800d954   Data           5  cmd.o(.rodata.name)
    __fsym_list_desc                         0x0800d959   Data          26  cmd.o(.rodata.name)
    __fsym___cmd_help_name                   0x0800d973   Data          11  msh.o(.rodata.name)
    __fsym___cmd_help_desc                   0x0800d97e   Data          22  msh.o(.rodata.name)
    __fsym___cmd_ps_name                     0x0800d994   Data           9  msh_cmd.o(.rodata.name)
    __fsym___cmd_ps_desc                     0x0800d99d   Data          28  msh_cmd.o(.rodata.name)
    __fsym___cmd_time_name                   0x0800d9b9   Data          11  msh_cmd.o(.rodata.name)
    __fsym___cmd_time_desc                   0x0800d9c4   Data          27  msh_cmd.o(.rodata.name)
    __fsym___cmd_free_name                   0x0800d9df   Data          11  msh_cmd.o(.rodata.name)
    __fsym___cmd_free_desc                   0x0800d9ea   Data          37  msh_cmd.o(.rodata.name)
    __rt_init_rti_start                      0x0800da10   Data           4  components.o(.rti_fn.0)
    __rt_init_rti_board_start                0x0800da14   Data           4  components.o(.rti_fn.0.end)
    __rt_init_rt_hw_pin_init                 0x0800da18   Data           4  drv_gpio.o(.rti_fn.1)
    __rt_init_rt_hw_usart_init               0x0800da1c   Data           4  drv_usart.o(.rti_fn.1)
    __rt_init_rti_board_end                  0x0800da20   Data           4  components.o(.rti_fn.1.end)
    __rt_init_libc_system_init               0x0800da24   Data           4  libc.o(.rti_fn.4)
    __rt_init_finsh_system_init              0x0800da28   Data           4  shell.o(.rti_fn.6)
    __rt_init_rti_end                        0x0800da2c   Data           4  components.o(.rti_fn.6.end)
    FSymTab$$Base                            0x0800da30   Number         0  led.o(FSymTab)
    __fsym___cmd_led_sample_init             0x0800da30   Data          12  led.o(FSymTab)
    __fsym___cmd_thread_sample_init          0x0800da3c   Data          12  thread.o(FSymTab)
    __fsym___cmd_event_sample_init           0x0800da48   Data          12  event.o(FSymTab)
    __fsym___cmd_semaphore_producer_consumer_init 0x0800da54   Data          12  producer_consumer.o(FSymTab)
    __fsym_list_mem                          0x0800da60   Data          12  mem.o(FSymTab)
    __fsym_pinMode                           0x0800da6c   Data          12  pin.o(FSymTab)
    __fsym_pinWrite                          0x0800da78   Data          12  pin.o(FSymTab)
    __fsym_pinRead                           0x0800da84   Data          12  pin.o(FSymTab)
    __fsym_hello                             0x0800da90   Data          12  cmd.o(FSymTab)
    __fsym_version                           0x0800da9c   Data          12  cmd.o(FSymTab)
    __fsym___cmd_version                     0x0800daa8   Data          12  cmd.o(FSymTab)
    __fsym_list_thread                       0x0800dab4   Data          12  cmd.o(FSymTab)
    __fsym___cmd_list_thread                 0x0800dac0   Data          12  cmd.o(FSymTab)
    __fsym_list_sem                          0x0800dacc   Data          12  cmd.o(FSymTab)
    __fsym___cmd_list_sem                    0x0800dad8   Data          12  cmd.o(FSymTab)
    __fsym_list_event                        0x0800dae4   Data          12  cmd.o(FSymTab)
    __fsym___cmd_list_event                  0x0800daf0   Data          12  cmd.o(FSymTab)
    __fsym_list_mutex                        0x0800dafc   Data          12  cmd.o(FSymTab)
    __fsym___cmd_list_mutex                  0x0800db08   Data          12  cmd.o(FSymTab)
    __fsym_list_mailbox                      0x0800db14   Data          12  cmd.o(FSymTab)
    __fsym___cmd_list_mailbox                0x0800db20   Data          12  cmd.o(FSymTab)
    __fsym_list_msgqueue                     0x0800db2c   Data          12  cmd.o(FSymTab)
    __fsym___cmd_list_msgqueue               0x0800db38   Data          12  cmd.o(FSymTab)
    __fsym_list_memheap                      0x0800db44   Data          12  cmd.o(FSymTab)
    __fsym___cmd_list_memheap                0x0800db50   Data          12  cmd.o(FSymTab)
    __fsym_list_mempool                      0x0800db5c   Data          12  cmd.o(FSymTab)
    __fsym___cmd_list_mempool                0x0800db68   Data          12  cmd.o(FSymTab)
    __fsym_list_timer                        0x0800db74   Data          12  cmd.o(FSymTab)
    __fsym___cmd_list_timer                  0x0800db80   Data          12  cmd.o(FSymTab)
    __fsym_list_device                       0x0800db8c   Data          12  cmd.o(FSymTab)
    __fsym___cmd_list_device                 0x0800db98   Data          12  cmd.o(FSymTab)
    __fsym_list                              0x0800dba4   Data          12  cmd.o(FSymTab)
    __fsym___cmd_help                        0x0800dbb0   Data          12  msh.o(FSymTab)
    __fsym___cmd_ps                          0x0800dbbc   Data          12  msh_cmd.o(FSymTab)
    __fsym___cmd_time                        0x0800dbc8   Data          12  msh_cmd.o(FSymTab)
    __fsym___cmd_free                        0x0800dbd4   Data          12  msh_cmd.o(FSymTab)
    FSymTab$$Limit                           0x0800dbe0   Number         0  msh_cmd.o(FSymTab)
    Region$$Table$$Base                      0x0800dbe0   Number         0  anon$$obj.o(Region$$Table)
    Region$$Table$$Limit                     0x0800dc00   Number         0  anon$$obj.o(Region$$Table)
    pin_irq_hdr_tab                          0x20000000   Data         192  drv_gpio.o(.data)
    uart1                                    0x200000c0   Data          68  drv_usart.o(.data)
    SystemCoreClock                          0x20000104   Data           4  system_stm32f1xx.o(.data)
    uwTick                                   0x20000108   Data           4  stm32f1xx_hal.o(.data)
    rt_interrupt_nest                        0x20000138   Data           1  irq.o(.data)
    rt_assert_hook                           0x20000144   Data           4  kservice.o(.data)
    rt_object_trytake_hook                   0x20000210   Data           4  object.o(.data)
    rt_object_take_hook                      0x20000214   Data           4  object.o(.data)
    rt_object_put_hook                       0x20000218   Data           4  object.o(.data)
    rt_current_thread                        0x20000220   Data           4  scheduler.o(.data)
    rt_current_priority                      0x20000224   Data           1  scheduler.o(.data)
    rt_thread_ready_priority_group           0x20000228   Data           4  scheduler.o(.data)
    rt_thread_defunct                        0x2000022c   Data           8  scheduler.o(.data)
    rt_interrupt_from_thread                 0x20000254   Data           4  cpuport.o(.data)
    rt_interrupt_to_thread                   0x20000258   Data           4  cpuport.o(.data)
    rt_thread_switch_interrupt_flag          0x2000025c   Data           4  cpuport.o(.data)
    shell                                    0x20000264   Data           4  shell.o(.data)
    _syscall_table_begin                     0x20000268   Data           4  symbol.o(.data)
    _syscall_table_end                       0x2000026c   Data           4  symbol.o(.data)
    _sysvar_table_begin                      0x20000270   Data           4  symbol.o(.data)
    _sysvar_table_end                        0x20000274   Data           4  symbol.o(.data)
    serial1                                  0x20000278   Data          84  drv_usart.o(.bss)
    thread3                                  0x2000126c   Data         128  event.o(.bss)
    array                                    0x200012ec   Data          20  producer_consumer.o(.bss)
    sem_lock                                 0x20001300   Data          32  producer_consumer.o(.bss)
    sem_empty                                0x20001320   Data          32  producer_consumer.o(.bss)
    sem_full                                 0x20001340   Data          32  producer_consumer.o(.bss)
    rt_thread_priority_table                 0x20001580   Data         256  scheduler.o(.bss)
    Image$$RW_IRAM1$$ZI$$Limit               0x20001b48   Number         0  anon$$obj.o ABSOLUTE
    __initial_sp                             0x20001b48   Data           0  startup_stm32f103xe.o(STACK)



==============================================================================

Memory Map of the image

  Image Entry point : 0x08000131

  Load Region LR_IROM1 (Base: 0x08000000, Size: 0x0000de78, Max: 0x00080000, ABSOLUTE, COMPRESSED[0x0000dc70])

    Execution Region ER_IROM1 (Base: 0x08000000, Size: 0x0000dc00, Max: 0x00080000, ABSOLUTE)

    Base Addr    Size         Type   Attr      Idx    E Section Name        Object

    0x08000000   0x00000130   Data   RO         1247    RESET               startup_stm32f103xe.o
    0x08000130   0x00000000   Code   RO         1978  * .ARM.Collect$$$$00000000  mc_w.l(entry.o)
    0x08000130   0x00000004   Code   RO         2001    .ARM.Collect$$$$00000001  mc_w.l(entry2.o)
    0x08000134   0x00000004   Code   RO         2004    .ARM.Collect$$$$00000004  mc_w.l(entry5.o)
    0x08000138   0x00000000   Code   RO         2006    .ARM.Collect$$$$00000008  mc_w.l(entry7b.o)
    0x08000138   0x00000000   Code   RO         2008    .ARM.Collect$$$$0000000A  mc_w.l(entry8b.o)
    0x08000138   0x00000008   Code   RO         2009    .ARM.Collect$$$$0000000B  mc_w.l(entry9a.o)
    0x08000140   0x00000000   Code   RO         2011    .ARM.Collect$$$$0000000D  mc_w.l(entry10a.o)
    0x08000140   0x00000000   Code   RO         2013    .ARM.Collect$$$$0000000F  mc_w.l(entry11a.o)
    0x08000140   0x00000004   Code   RO         2002    .ARM.Collect$$$$00002712  mc_w.l(entry2.o)
    0x08000144   0x0000000e   Code   RO            1    .text               main.o
    0x08000152   0x00000002   PAD
    0x08000154   0x00000190   Code   RO           77    .text               board.o
    0x080002e4   0x00000010   Code   RO          189    .text               stm32f1xx_it.o
    0x080002f4   0x0000057c   Code   RO          216    .text               drv_gpio.o
    0x08000870   0x000004cc   Code   RO          275    .text               drv_usart.o
    0x08000d3c   0x000000f4   Code   RO          312    .text               system_stm32f1xx.o
    0x08000e30   0x000004e8   Code   RO          379    .text               stm32f1xx_hal_gpio.o
    0x08001318   0x00000ee4   Code   RO          479    .text               stm32f1xx_hal_dma.o
    0x080021fc   0x000002c4   Code   RO          503    .text               stm32f1xx_hal_cortex.o
    0x080024c0   0x000008a8   Code   RO          627    .text               stm32f1xx_hal_rcc.o
    0x08002d68   0x0000120a   Code   RO          813    .text               stm32f1xx_hal_uart.o
    0x08003f72   0x00000002   PAD
    0x08003f74   0x0000015c   Code   RO          879    .text               stm32f1xx_hal.o
    0x080040d0   0x00000024   Code   RO         1248    .text               startup_stm32f103xe.o
    0x080040f4   0x00000150   Code   RO         1252    .text               led.o
    0x08004244   0x00000120   Code   RO         1270    .text               thread.o
    0x08004364   0x0000024c   Code   RO         1287    .text               event.o
    0x080045b0   0x0000027c   Code   RO         1304    .text               producer_consumer.o
    0x0800482c   0x0000006c   Code   RO         1322    .text               clock.o
    0x08004898   0x000000d8   Code   RO         1336    .text               components.o
    0x08004970   0x0000039c   Code   RO         1355    .text               device.o
    0x08004d0c   0x00000148   Code   RO         1368    .text               idle.o
    0x08004e54   0x0000165c   Code   RO         1388    .text               ipc.o
    0x080064b0   0x0000007c   Code   RO         1405    .text               irq.o
    0x0800652c   0x00000ab0   Code   RO         1420    .text               kservice.o
    0x08006fdc   0x000008f4   Code   RO         1440    .text               mem.o
    0x080078d0   0x00000348   Code   RO         1504    .text               object.o
    0x08007c18   0x00000304   Code   RO         1523    .text               scheduler.o
    0x08007f1c   0x00000690   Code   RO         1559    .text               src_thread.o
    0x080085ac   0x0000045c   Code   RO         1578    .text               timer.o
    0x08008a08   0x000005d4   Code   RO         1597    .text               cpuport.o
    0x08008fdc   0x000000f0   Code   RO         1613    .text               context_rvds.o
    0x080090cc   0x00000250   Code   RO         1651    .text               pin.o
    0x0800931c   0x00000c84   Code   RO         1669    .text               serial.o
    0x08009fa0   0x000001cc   Code   RO         1685    .text               completion.o
    0x0800a16c   0x00000428   Code   RO         1701    .text               dataqueue.o
    0x0800a594   0x000008bc   Code   RO         1779    .text               shell.o
    0x0800ae50   0x00000bfc   Code   RO         1820    .text               cmd.o
    0x0800ba4c   0x00000368   Code   RO         1841    .text               msh.o
    0x0800bdb4   0x00000022   Code   RO         1858    .text               msh_cmd.o
    0x0800bdd6   0x00000004   Code   RO         1880    .text               libc.o
    0x0800bdda   0x00000024   Code   RO         1983    .text               mc_w.l(memcpya.o)
    0x0800bdfe   0x00000024   Code   RO         1985    .text               mc_w.l(memseta.o)
    0x0800be22   0x00000018   Code   RO         1987    .text               mc_w.l(strcat.o)
    0x0800be3a   0x0000000e   Code   RO         1989    .text               mc_w.l(strlen.o)
    0x0800be48   0x0000001a   Code   RO         1993    .text               mc_w.l(memcmp.o)
    0x0800be62   0x00000012   Code   RO         1995    .text               mc_w.l(strcpy.o)
    0x0800be74   0x0000001e   Code   RO         1997    .text               mc_w.l(strncmp.o)
    0x0800be92   0x00000002   PAD
    0x0800be94   0x00000024   Code   RO         2015    .text               mc_w.l(init.o)
    0x0800beb8   0x00000056   Code   RO         2025    .text               mc_w.l(__dczerorl2.o)
    0x0800bf0e   0x0000000e   Code   RO         2019    i.__scatterload_copy  mc_w.l(handlers.o)
    0x0800bf1c   0x00000002   Code   RO         2020    i.__scatterload_null  mc_w.l(handlers.o)
    0x0800bf1e   0x0000000e   Code   RO         2021    i.__scatterload_zeroinit  mc_w.l(handlers.o)
    0x0800bf2c   0x00000013   Data   RO           78    .constdata          board.o
    0x0800bf3f   0x00000001   PAD
    0x0800bf40   0x00000968   Data   RO          217    .constdata          drv_gpio.o
    0x0800c8a8   0x0000006f   Data   RO          277    .constdata          drv_usart.o
    0x0800c917   0x00000018   Data   RO          313    .constdata          system_stm32f1xx.o
    0x0800c92f   0x00000014   Data   RO         1337    .constdata          components.o
    0x0800c943   0x000000b7   Data   RO         1356    .constdata          device.o
    0x0800c9fa   0x00000016   Data   RO         1370    .constdata          idle.o
    0x0800ca10   0x000001d7   Data   RO         1389    .constdata          ipc.o
    0x0800cbe7   0x00000122   Data   RO         1422    .constdata          kservice.o
    0x0800cd09   0x00000046   Data   RO         1442    .constdata          mem.o
    0x0800cd4f   0x0000006d   Data   RO         1505    .constdata          object.o
    0x0800cdbc   0x0000004e   Data   RO         1525    .constdata          scheduler.o
    0x0800ce0a   0x000000b9   Data   RO         1560    .constdata          src_thread.o
    0x0800cec3   0x0000005c   Data   RO         1579    .constdata          timer.o
    0x0800cf1f   0x00000013   Data   RO         1598    .constdata          cpuport.o
    0x0800cf32   0x0000007e   Data   RO         1653    .constdata          pin.o
    0x0800cfb0   0x0000012a   Data   RO         1670    .constdata          serial.o
    0x0800d0da   0x00000039   Data   RO         1686    .constdata          completion.o
    0x0800d113   0x0000004b   Data   RO         1702    .constdata          dataqueue.o
    0x0800d15e   0x0000005b   Data   RO         1781    .constdata          shell.o
    0x0800d1b9   0x00000003   PAD
    0x0800d1bc   0x00000050   Data   RO         1821    .constdata          cmd.o
    0x0800d20c   0x0000000e   Data   RO         1842    .constdata          msh.o
    0x0800d21a   0x00000002   PAD
    0x0800d21c   0x00000043   Data   RO           79    .conststring        board.o
    0x0800d25f   0x00000001   PAD
    0x0800d260   0x000000ed   Data   RO         1443    .conststring        mem.o
    0x0800d34d   0x00000003   PAD
    0x0800d350   0x0000015d   Data   RO         1822    .conststring        cmd.o
    0x0800d4ad   0x00000021   Data   RO         1255    .rodata.name        led.o
    0x0800d4ce   0x0000002b   Data   RO         1272    .rodata.name        thread.o
    0x0800d4f9   0x00000025   Data   RO         1289    .rodata.name        event.o
    0x0800d51e   0x00000040   Data   RO         1307    .rodata.name        producer_consumer.o
    0x0800d55e   0x00000027   Data   RO         1445    .rodata.name        mem.o
    0x0800d585   0x00000069   Data   RO         1654    .rodata.name        pin.o
    0x0800d5ee   0x00000385   Data   RO         1823    .rodata.name        cmd.o
    0x0800d973   0x00000021   Data   RO         1843    .rodata.name        msh.o
    0x0800d994   0x0000007b   Data   RO         1859    .rodata.name        msh_cmd.o
    0x0800da0f   0x00000001   PAD
    0x0800da10   0x00000004   Data   RO         1338    .rti_fn.0           components.o
    0x0800da14   0x00000004   Data   RO         1339    .rti_fn.0.end       components.o
    0x0800da18   0x00000004   Data   RO          219    .rti_fn.1           drv_gpio.o
    0x0800da1c   0x00000004   Data   RO          279    .rti_fn.1           drv_usart.o
    0x0800da20   0x00000004   Data   RO         1340    .rti_fn.1.end       components.o
    0x0800da24   0x00000004   Data   RO         1881    .rti_fn.4           libc.o
    0x0800da28   0x00000004   Data   RO         1783    .rti_fn.6           shell.o
    0x0800da2c   0x00000004   Data   RO         1341    .rti_fn.6.end       components.o
    0x0800da30   0x0000000c   Data   RO         1256    FSymTab             led.o
    0x0800da3c   0x0000000c   Data   RO         1273    FSymTab             thread.o
    0x0800da48   0x0000000c   Data   RO         1290    FSymTab             event.o
    0x0800da54   0x0000000c   Data   RO         1308    FSymTab             producer_consumer.o
    0x0800da60   0x0000000c   Data   RO         1446    FSymTab             mem.o
    0x0800da6c   0x00000024   Data   RO         1655    FSymTab             pin.o
    0x0800da90   0x00000120   Data   RO         1824    FSymTab             cmd.o
    0x0800dbb0   0x0000000c   Data   RO         1844    FSymTab             msh.o
    0x0800dbbc   0x00000024   Data   RO         1860    FSymTab             msh_cmd.o
    0x0800dbe0   0x00000020   Data   RO         2017    Region$$Table       anon$$obj.o


    Execution Region RW_IRAM1 (Base: 0x20000000, Size: 0x00001b48, Max: 0x00010000, ABSOLUTE, COMPRESSED[0x00000070])

    Base Addr    Size         Type   Attr      Idx    E Section Name        Object

    0x20000000   0x000000c0   Data   RW          218    .data               drv_gpio.o
    0x200000c0   0x00000044   Data   RW          278    .data               drv_usart.o
    0x20000104   0x00000004   Data   RW          314    .data               system_stm32f1xx.o
    0x20000108   0x00000004   Data   RW          880    .data               stm32f1xx_hal.o
    0x2000010c   0x00000001   Data   RW         1254    .data               led.o
    0x2000010d   0x00000003   PAD
    0x20000110   0x00000008   Data   RW         1271    .data               thread.o
    0x20000118   0x00000010   Data   RW         1306    .data               producer_consumer.o
    0x20000128   0x00000004   Data   RW         1323    .data               clock.o
    0x2000012c   0x00000004   Data   RW         1371    .data               idle.o
    0x20000130   0x00000009   Data   RW         1406    .data               irq.o
    0x20000139   0x00000003   PAD
    0x2000013c   0x0000000c   Data   RW         1423    .data               kservice.o
    0x20000148   0x00000020   Data   RW         1444    .data               mem.o
    0x20000168   0x000000b4   Data   RW         1506    .data               object.o
    0x2000021c   0x0000001c   Data   RW         1526    .data               scheduler.o
    0x20000238   0x0000000c   Data   RW         1561    .data               src_thread.o
    0x20000244   0x00000010   Data   RW         1580    .data               timer.o
    0x20000254   0x00000010   Data   RW         1599    .data               cpuport.o
    0x20000264   0x00000004   Data   RW         1782    .data               shell.o
    0x20000268   0x00000010   Data   RW         1804    .data               symbol.o
    0x20000278   0x00000054   Zero   RW          276    .bss                drv_usart.o
    0x200002cc   0x00000280   Zero   RW         1253    .bss                led.o
    0x2000054c   0x00000da0   Zero   RW         1288    .bss                event.o
    0x200012ec   0x00000074   Zero   RW         1305    .bss                producer_consumer.o
    0x20001360   0x00000180   Zero   RW         1369    .bss                idle.o
    0x200014e0   0x00000080   Zero   RW         1421    .bss                kservice.o
    0x20001560   0x00000020   Zero   RW         1441    .bss                mem.o
    0x20001580   0x00000100   Zero   RW         1524    .bss                scheduler.o
    0x20001680   0x00000044   Zero   RW         1652    .bss                pin.o
    0x200016c4   0x00000081   Zero   RW         1780    .bss                shell.o
    0x20001745   0x00000003   PAD
    0x20001748   0x00000400   Zero   RW         1245    STACK               startup_stm32f103xe.o


==============================================================================

Image component sizes


      Code (inc. data)   RO Data    RW Data    ZI Data      Debug   Object Name

       400         80         86          0          0     445642   board.o
       108          6          0          4          0       1432   clock.o
      3068       1334       1618          0          0      14575   cmd.o
       460        128         57          0          0       4311   completion.o
       216         42         36          0          0       2590   components.o
       240         26          0          0          0        776   context_rvds.o
      1492        718         19         16          0       3931   cpuport.o
      1064        118         75          0          0       4877   dataqueue.o
       924        158        183          0          0       5362   device.o
      1404         44       2412        192          0      12434   drv_gpio.o
      1228        178        115         68         84      26419   drv_usart.o
       588        296         49          0       3488       2233   event.o
       328         76         22          4        384       4529   idle.o
      5724        422        471          0          0      21479   ipc.o
       124         14          0          9          0       1876   irq.o
      2736        228        290         12        128      12264   kservice.o
       336         56         45          1        640       2471   led.o
         4          0          4          0          0       1316   libc.o
        14          0          0          0          0      16429   main.o
      2292        644        358         32         32       5483   mem.o
       872        136         59          0          0       4304   msh.o
        34          0        159          0          0       2283   msh_cmd.o
       840        182        109        180          0       7620   object.o
       592         94        267          0         68       5083   pin.o
       636        232         76         16        116       2499   producer_consumer.o
       772        150         78         28        256       6181   scheduler.o
      3204        412        298          0          0       9777   serial.o
      2236        222         95          4        129       5929   shell.o
      1680        296        185         12          0       9873   src_thread.o
        36          8        304          0       1024        892   startup_stm32f103xe.o
       348         30          0          4          0       4123   stm32f1xx_hal.o
       708         22          0          0          0      27334   stm32f1xx_hal_cortex.o
      3812         40          0          0          0       6669   stm32f1xx_hal_dma.o
      1256         42          0          0          0       3935   stm32f1xx_hal_gpio.o
      2216         94          0          0          0       5311   stm32f1xx_hal_rcc.o
      4618         46          0          0          0      15912   stm32f1xx_hal_uart.o
        16          0          0          0          0        833   stm32f1xx_it.o
         0          0          0         16          0       5125   symbol.o
       244         32         24          4          0       1745   system_stm32f1xx.o
       288         86         55          8          0       2181   thread.o
      1116        100         92         16          0       8239   timer.o

    ----------------------------------------------------------------------
     48278       6792       7684        632       6352     726277   Object Totals
         0          0         32          0          0          0   (incl. Generated)
         4          0         11          6          3          0   (incl. Padding)

    ----------------------------------------------------------------------

      Code (inc. data)   RO Data    RW Data    ZI Data      Debug   Library Member Name

        86          0          0          0          0          0   __dczerorl2.o
         0          0          0          0          0          0   entry.o
         0          0          0          0          0          0   entry10a.o
         0          0          0          0          0          0   entry11a.o
         8          4          0          0          0          0   entry2.o
         4          0          0          0          0          0   entry5.o
         0          0          0          0          0          0   entry7b.o
         0          0          0          0          0          0   entry8b.o
         8          4          0          0          0          0   entry9a.o
        30          0          0          0          0          0   handlers.o
        36          8          0          0          0         68   init.o
        26          0          0          0          0         80   memcmp.o
        36          0          0          0          0         68   memcpya.o
        36          0          0          0          0        108   memseta.o
        24          0          0          0          0         68   strcat.o
        18          0          0          0          0         68   strcpy.o
        14          0          0          0          0         68   strlen.o
        30          0          0          0          0         80   strncmp.o

    ----------------------------------------------------------------------
       358         16          0          0          0        608   Library Totals
         2          0          0          0          0          0   (incl. Padding)

    ----------------------------------------------------------------------

      Code (inc. data)   RO Data    RW Data    ZI Data      Debug   Library Name

       356         16          0          0          0        608   mc_w.l

    ----------------------------------------------------------------------
       358         16          0          0          0        608   Library Totals

    ----------------------------------------------------------------------

==============================================================================


      Code (inc. data)   RO Data    RW Data    ZI Data      Debug   

     48636       6808       7684        632       6352     723113   Grand Totals
     48636       6808       7684        112       6352     723113   ELF Image Totals (compressed)
     48636       6808       7684        112          0          0   ROM Totals

==============================================================================

    Total RO  Size (Code + RO Data)                56320 (  55.00kB)
    Total RW  Size (RW Data + ZI Data)              6984 (   6.82kB)
    Total ROM Size (Code + RO Data + RW Data)      56432 (  55.11kB)

==============================================================================

